2026-08-03T08:06:05.617+05:30  INFO 10200 --- [springboot-learning] [main] c.v.s.SpringbootLearningApplication      : Starting SpringbootLearningApplication using Java 21.0.11 with PID 10200 (C:\Users\vijay\Downloads\springboot-learning\springboot-learning\target\classes started by vijay in C:\Users\vijay\Downloads\springboot-learning\springboot-learning)
2026-08-03T08:06:05.626+05:30  INFO 10200 --- [springboot-learning] [main] c.v.s.SpringbootLearningApplication      : The following 1 profile is active: "prod"
2026-08-03T08:06:06.553+05:30  INFO 10200 --- [springboot-learning] [main] o.s.boot.tomcat.TomcatWebServer          : Tomcat initialized with port 8082 (http)
2026-08-03T08:06:06.572+05:30  INFO 10200 --- [springboot-learning] [main] o.apache.catalina.core.StandardService   : Starting service [Tomcat]
2026-08-03T08:06:06.572+05:30  INFO 10200 --- [springboot-learning] [main] o.apache.catalina.core.StandardEngine    : Starting Servlet engine: [Apache Tomcat/11.0.22]
2026-08-03T08:06:06.625+05:30  INFO 10200 --- [springboot-learning] [main] b.w.c.s.WebApplicationContextInitializer : Root WebApplicationContext: initialization completed in 939 ms
2026-08-03T08:06:07.019+05:30  INFO 10200 --- [springboot-learning] [main] o.s.boot.tomcat.TomcatWebServer          : Tomcat started on port 8082 (http) with context path '/'
2026-08-03T08:06:07.023+05:30  INFO 10200 --- [springboot-learning] [main] c.v.s.SpringbootLearningApplication      : Started SpringbootLearningApplication in 2.101 seconds (process running for 2.776)
2026-08-03T08:06:07.028+05:30  INFO 10200 --- [springboot-learning] [main] c.v.s.service.AppPropertyDemo            : Application started in environment=Production
2026-08-03T08:06:07.029+05:30  INFO 10200 --- [springboot-learning] [main] c.v.s.service.AppPropertyDemo            : Order created successfully, orderId=784, userId=101
2026-08-03T08:06:07.029+05:30  INFO 10200 --- [springboot-learning] [main] c.v.s.service.AppPropertyDemo            : Payment initiated, orderId=784, amount=1499
2026-08-03T08:06:07.029+05:30  WARN 10200 --- [springboot-learning] [main] c.v.s.service.AppPropertyDemo            : Payment taking longer than expected, orderId=784
2026-08-03T08:06:07.029+05:30 ERROR 10200 --- [springboot-learning] [main] c.v.s.service.AppPropertyDemo            : Payment failed, orderId=784
2026-08-03T08:06:13.647+05:30  INFO 10200 --- [springboot-learning] [http-nio-8082-exec-2] o.a.c.c.C.[Tomcat].[localhost].[/]       : Initializing Spring DispatcherServlet 'dispatcherServlet'
2026-08-03T08:06:13.647+05:30  INFO 10200 --- [springboot-learning] [http-nio-8082-exec-2] o.s.web.servlet.DispatcherServlet        : Initializing Servlet 'dispatcherServlet'
2026-08-03T08:06:13.648+05:30  INFO 10200 --- [springboot-learning] [http-nio-8082-exec-2] o.s.web.servlet.DispatcherServlet        : Completed initialization in 1 ms
2026-08-03T08:06:13.686+05:30  WARN 10200 --- [springboot-learning] [http-nio-8082-exec-2] .w.s.m.s.DefaultHandlerExceptionResolver : Resolved [org.springframework.web.bind.MissingServletRequestParameterException: Required request parameter 'name' for method parameter type String is not present]
2026-08-03T08:10:28.082+05:30  INFO 10200 --- [springboot-learning] [SpringApplicationShutdownHook] o.s.boot.tomcat.GracefulShutdown         : Commencing graceful shutdown. Waiting for active requests to complete
2026-08-03T08:10:28.086+05:30  INFO 10200 --- [springboot-learning] [tomcat-shutdown] o.s.boot.tomcat.GracefulShutdown         : Graceful shutdown complete
2026-08-03T08:10:31.657+05:30  INFO 8084 --- [springboot-learning] [main] c.v.s.SpringbootLearningApplication      : Starting SpringbootLearningApplication using Java 21.0.11 with PID 8084 (C:\Users\vijay\Downloads\springboot-learning\springboot-learning\target\classes started by vijay in C:\Users\vijay\Downloads\springboot-learning\springboot-learning)
2026-08-03T08:10:31.660+05:30  INFO 8084 --- [springboot-learning] [main] c.v.s.SpringbootLearningApplication      : The following 1 profile is active: "prod"
2026-08-03T08:10:32.480+05:30  INFO 8084 --- [springboot-learning] [main] o.s.boot.tomcat.TomcatWebServer          : Tomcat initialized with port 8082 (http)
2026-08-03T08:10:32.496+05:30  INFO 8084 --- [springboot-learning] [main] o.apache.catalina.core.StandardService   : Starting service [Tomcat]
2026-08-03T08:10:32.497+05:30  INFO 8084 --- [springboot-learning] [main] o.apache.catalina.core.StandardEngine    : Starting Servlet engine: [Apache Tomcat/11.0.22]
2026-08-03T08:10:32.546+05:30  INFO 8084 --- [springboot-learning] [main] b.w.c.s.WebApplicationContextInitializer : Root WebApplicationContext: initialization completed in 833 ms
2026-08-03T08:10:32.854+05:30  INFO 8084 --- [springboot-learning] [main] o.s.boot.tomcat.TomcatWebServer          : Tomcat started on port 8082 (http) with context path '/'
2026-08-03T08:10:32.857+05:30  INFO 8084 --- [springboot-learning] [main] c.v.s.SpringbootLearningApplication      : Started SpringbootLearningApplication in 1.849 seconds (process running for 2.259)
2026-08-03T08:10:32.862+05:30  INFO 8084 --- [springboot-learning] [main] c.v.s.service.AppPropertyDemo            : Application started in environment=Production
2026-08-03T08:10:32.862+05:30  INFO 8084 --- [springboot-learning] [main] c.v.s.service.AppPropertyDemo            : Order created successfully, orderId=784, userId=101
2026-08-03T08:10:32.862+05:30  INFO 8084 --- [springboot-learning] [main] c.v.s.service.AppPropertyDemo            : Payment initiated, orderId=784, amount=1499
2026-08-03T08:10:32.863+05:30  WARN 8084 --- [springboot-learning] [main] c.v.s.service.AppPropertyDemo            : Payment taking longer than expected, orderId=784
2026-08-03T08:10:32.863+05:30 ERROR 8084 --- [springboot-learning] [main] c.v.s.service.AppPropertyDemo            : Payment failed, orderId=784
2026-08-03T08:11:03.077+05:30  INFO 8084 --- [springboot-learning] [http-nio-8082-exec-2] o.a.c.c.C.[Tomcat].[localhost].[/]       : Initializing Spring DispatcherServlet 'dispatcherServlet'
2026-08-03T08:11:03.077+05:30  INFO 8084 --- [springboot-learning] [http-nio-8082-exec-2] o.s.web.servlet.DispatcherServlet        : Initializing Servlet 'dispatcherServlet'
2026-08-03T08:11:03.077+05:30  INFO 8084 --- [springboot-learning] [http-nio-8082-exec-2] o.s.web.servlet.DispatcherServlet        : Completed initialization in 0 ms
2026-08-03T08:11:03.129+05:30  WARN 8084 --- [springboot-learning] [http-nio-8082-exec-2] .w.s.m.s.DefaultHandlerExceptionResolver : Resolved [org.springframework.web.bind.MissingServletRequestParameterException: Required request parameter 'MaxPrize' for method parameter type double is not present]
2026-08-03T08:11:04.879+05:30  WARN 8084 --- [springboot-learning] [http-nio-8082-exec-4] .w.s.m.s.DefaultHandlerExceptionResolver : Resolved [org.springframework.web.bind.MissingServletRequestParameterException: Required request parameter 'MaxPrize' for method parameter type double is not present]
2026-08-03T08:11:06.057+05:30  WARN 8084 --- [springboot-learning] [http-nio-8082-exec-6] .w.s.m.s.DefaultHandlerExceptionResolver : Resolved [org.springframework.web.bind.MissingServletRequestParameterException: Required request parameter 'MaxPrize' for method parameter type double is not present]
2026-08-03T08:11:13.222+05:30  WARN 8084 --- [springboot-learning] [http-nio-8082-exec-9] .w.s.m.s.DefaultHandlerExceptionResolver : Resolved [org.springframework.web.bind.MissingServletRequestParameterException: Required request parameter 'MaxPrize' for method parameter type double is not present]
2026-08-03T08:12:00.637+05:30  WARN 8084 --- [springboot-learning] [http-nio-8082-exec-8] .w.s.m.s.DefaultHandlerExceptionResolver : Resolved [org.springframework.web.bind.MissingServletRequestParameterException: Required request parameter 'MaxPrize' for method parameter type double is not present]
2026-08-03T08:12:01.974+05:30  WARN 8084 --- [springboot-learning] [http-nio-8082-exec-2] .w.s.m.s.DefaultHandlerExceptionResolver : Resolved [org.springframework.web.bind.MissingServletRequestParameterException: Required request parameter 'MaxPrize' for method parameter type double is not present]
2026-08-03T08:12:03.659+05:30  WARN 8084 --- [springboot-learning] [http-nio-8082-exec-4] .w.s.m.s.DefaultHandlerExceptionResolver : Resolved [org.springframework.web.bind.MissingServletRequestParameterException: Required request parameter 'MaxPrize' for method parameter type double is not present]
2026-08-03T08:15:33.944+05:30  WARN 8084 --- [springboot-learning] [http-nio-8082-exec-8] .w.s.m.s.DefaultHandlerExceptionResolver : Resolved [org.springframework.web.bind.MissingServletRequestParameterException: Required request parameter 'category' for method parameter type String is not present]
2026-08-03T08:22:49.950+05:30  INFO 8084 --- [springboot-learning] [SpringApplicationShutdownHook] o.s.boot.tomcat.GracefulShutdown         : Commencing graceful shutdown. Waiting for active requests to complete
2026-08-03T08:22:49.954+05:30  INFO 8084 --- [springboot-learning] [tomcat-shutdown] o.s.boot.tomcat.GracefulShutdown         : Graceful shutdown complete
2026-08-03T08:22:54.019+05:30  INFO 24784 --- [springboot-learning] [main] c.v.s.SpringbootLearningApplication      : Starting SpringbootLearningApplication using Java 21.0.11 with PID 24784 (C:\Users\vijay\Downloads\springboot-learning\springboot-learning\target\classes started by vijay in C:\Users\vijay\Downloads\springboot-learning\springboot-learning)
2026-08-03T08:22:54.023+05:30  INFO 24784 --- [springboot-learning] [main] c.v.s.SpringbootLearningApplication      : The following 1 profile is active: "prod"
2026-08-03T08:22:54.904+05:30  INFO 24784 --- [springboot-learning] [main] o.s.boot.tomcat.TomcatWebServer          : Tomcat initialized with port 8082 (http)
2026-08-03T08:22:54.921+05:30  INFO 24784 --- [springboot-learning] [main] o.apache.catalina.core.StandardService   : Starting service [Tomcat]
2026-08-03T08:22:54.921+05:30  INFO 24784 --- [springboot-learning] [main] o.apache.catalina.core.StandardEngine    : Starting Servlet engine: [Apache Tomcat/11.0.22]
2026-08-03T08:22:54.964+05:30  INFO 24784 --- [springboot-learning] [main] b.w.c.s.WebApplicationContextInitializer : Root WebApplicationContext: initialization completed in 890 ms
2026-08-03T08:22:55.371+05:30  INFO 24784 --- [springboot-learning] [main] o.s.boot.tomcat.TomcatWebServer          : Tomcat started on port 8082 (http) with context path '/'
2026-08-03T08:22:55.377+05:30  INFO 24784 --- [springboot-learning] [main] c.v.s.SpringbootLearningApplication      : Started SpringbootLearningApplication in 1.973 seconds (process running for 2.434)
2026-08-03T08:22:55.381+05:30  INFO 24784 --- [springboot-learning] [main] c.v.s.service.AppPropertyDemo            : Application started in environment=Production
2026-08-03T08:22:55.381+05:30  INFO 24784 --- [springboot-learning] [main] c.v.s.service.AppPropertyDemo            : Order created successfully, orderId=784, userId=101
2026-08-03T08:22:55.381+05:30  INFO 24784 --- [springboot-learning] [main] c.v.s.service.AppPropertyDemo            : Payment initiated, orderId=784, amount=1499
2026-08-03T08:22:55.381+05:30  WARN 24784 --- [springboot-learning] [main] c.v.s.service.AppPropertyDemo            : Payment taking longer than expected, orderId=784
2026-08-03T08:22:55.381+05:30 ERROR 24784 --- [springboot-learning] [main] c.v.s.service.AppPropertyDemo            : Payment failed, orderId=784
2026-08-03T08:23:27.195+05:30  INFO 24784 --- [springboot-learning] [http-nio-8082-exec-2] o.a.c.c.C.[Tomcat].[localhost].[/]       : Initializing Spring DispatcherServlet 'dispatcherServlet'
2026-08-03T08:23:27.195+05:30  INFO 24784 --- [springboot-learning] [http-nio-8082-exec-2] o.s.web.servlet.DispatcherServlet        : Initializing Servlet 'dispatcherServlet'
2026-08-03T08:23:27.200+05:30  INFO 24784 --- [springboot-learning] [http-nio-8082-exec-2] o.s.web.servlet.DispatcherServlet        : Completed initialization in 5 ms
2026-08-03T08:35:31.700+05:30  INFO 24784 --- [springboot-learning] [SpringApplicationShutdownHook] o.s.boot.tomcat.GracefulShutdown         : Commencing graceful shutdown. Waiting for active requests to complete
2026-08-03T08:35:31.705+05:30  INFO 24784 --- [springboot-learning] [tomcat-shutdown] o.s.boot.tomcat.GracefulShutdown         : Graceful shutdown complete
2026-08-03T08:35:35.369+05:30  INFO 31428 --- [springboot-learning] [main] c.v.s.SpringbootLearningApplication      : Starting SpringbootLearningApplication using Java 21.0.11 with PID 31428 (C:\Users\vijay\Downloads\springboot-learning\springboot-learning\target\classes started by vijay in C:\Users\vijay\Downloads\springboot-learning\springboot-learning)
2026-08-03T08:35:35.373+05:30  INFO 31428 --- [springboot-learning] [main] c.v.s.SpringbootLearningApplication      : The following 1 profile is active: "prod"
2026-08-03T08:35:36.149+05:30  INFO 31428 --- [springboot-learning] [main] o.s.boot.tomcat.TomcatWebServer          : Tomcat initialized with port 8082 (http)
2026-08-03T08:35:36.162+05:30  INFO 31428 --- [springboot-learning] [main] o.apache.catalina.core.StandardService   : Starting service [Tomcat]
2026-08-03T08:35:36.163+05:30  INFO 31428 --- [springboot-learning] [main] o.apache.catalina.core.StandardEngine    : Starting Servlet engine: [Apache Tomcat/11.0.22]
2026-08-03T08:35:36.209+05:30  INFO 31428 --- [springboot-learning] [main] b.w.c.s.WebApplicationContextInitializer : Root WebApplicationContext: initialization completed in 789 ms
2026-08-03T08:35:36.519+05:30  INFO 31428 --- [springboot-learning] [main] o.s.boot.tomcat.TomcatWebServer          : Tomcat started on port 8082 (http) with context path '/'
2026-08-03T08:35:36.523+05:30  INFO 31428 --- [springboot-learning] [main] c.v.s.SpringbootLearningApplication      : Started SpringbootLearningApplication in 1.747 seconds (process running for 2.296)
2026-08-03T08:35:36.524+05:30  INFO 31428 --- [springboot-learning] [main] c.v.s.service.AppPropertyDemo            : Application started in environment=Production
2026-08-03T08:35:36.524+05:30  INFO 31428 --- [springboot-learning] [main] c.v.s.service.AppPropertyDemo            : Order created successfully, orderId=784, userId=101
2026-08-03T08:35:36.524+05:30  INFO 31428 --- [springboot-learning] [main] c.v.s.service.AppPropertyDemo            : Payment initiated, orderId=784, amount=1499
2026-08-03T08:35:36.524+05:30  WARN 31428 --- [springboot-learning] [main] c.v.s.service.AppPropertyDemo            : Payment taking longer than expected, orderId=784
2026-08-03T08:35:36.524+05:30 ERROR 31428 --- [springboot-learning] [main] c.v.s.service.AppPropertyDemo            : Payment failed, orderId=784
2026-08-03T08:35:42.693+05:30  INFO 31428 --- [springboot-learning] [http-nio-8082-exec-2] o.a.c.c.C.[Tomcat].[localhost].[/]       : Initializing Spring DispatcherServlet 'dispatcherServlet'
2026-08-03T08:35:42.693+05:30  INFO 31428 --- [springboot-learning] [http-nio-8082-exec-2] o.s.web.servlet.DispatcherServlet        : Initializing Servlet 'dispatcherServlet'
2026-08-03T08:35:42.695+05:30  INFO 31428 --- [springboot-learning] [http-nio-8082-exec-2] o.s.web.servlet.DispatcherServlet        : Completed initialization in 2 ms
2026-08-03T08:45:53.980+05:30  INFO 31428 --- [springboot-learning] [SpringApplicationShutdownHook] o.s.boot.tomcat.GracefulShutdown         : Commencing graceful shutdown. Waiting for active requests to complete
2026-08-03T08:45:53.985+05:30  INFO 31428 --- [springboot-learning] [tomcat-shutdown] o.s.boot.tomcat.GracefulShutdown         : Graceful shutdown complete
2026-08-03T08:45:58.560+05:30  INFO 12696 --- [springboot-learning] [main] c.v.s.SpringbootLearningApplication      : Starting SpringbootLearningApplication using Java 21.0.11 with PID 12696 (C:\Users\vijay\Downloads\springboot-learning\springboot-learning\target\classes started by vijay in C:\Users\vijay\Downloads\springboot-learning\springboot-learning)
2026-08-03T08:45:58.562+05:30  INFO 12696 --- [springboot-learning] [main] c.v.s.SpringbootLearningApplication      : The following 1 profile is active: "prod"
2026-08-03T08:45:59.423+05:30  INFO 12696 --- [springboot-learning] [main] o.s.boot.tomcat.TomcatWebServer          : Tomcat initialized with port 8082 (http)
2026-08-03T08:45:59.438+05:30  INFO 12696 --- [springboot-learning] [main] o.apache.catalina.core.StandardService   : Starting service [Tomcat]
2026-08-03T08:45:59.439+05:30  INFO 12696 --- [springboot-learning] [main] o.apache.catalina.core.StandardEngine    : Starting Servlet engine: [Apache Tomcat/11.0.22]
2026-08-03T08:45:59.484+05:30  INFO 12696 --- [springboot-learning] [main] b.w.c.s.WebApplicationContextInitializer : Root WebApplicationContext: initialization completed in 866 ms
2026-08-03T08:45:59.790+05:30  INFO 12696 --- [springboot-learning] [main] o.s.boot.tomcat.TomcatWebServer          : Tomcat started on port 8082 (http) with context path '/'
2026-08-03T08:45:59.795+05:30  INFO 12696 --- [springboot-learning] [main] c.v.s.SpringbootLearningApplication      : Started SpringbootLearningApplication in 1.847 seconds (process running for 2.326)
2026-08-03T08:45:59.802+05:30  INFO 12696 --- [springboot-learning] [main] c.v.s.service.AppPropertyDemo            : Application started in environment=Production
2026-08-03T08:45:59.802+05:30  INFO 12696 --- [springboot-learning] [main] c.v.s.service.AppPropertyDemo            : Order created successfully, orderId=784, userId=101
2026-08-03T08:45:59.802+05:30  INFO 12696 --- [springboot-learning] [main] c.v.s.service.AppPropertyDemo            : Payment initiated, orderId=784, amount=1499
2026-08-03T08:45:59.803+05:30  WARN 12696 --- [springboot-learning] [main] c.v.s.service.AppPropertyDemo            : Payment taking longer than expected, orderId=784
2026-08-03T08:45:59.803+05:30 ERROR 12696 --- [springboot-learning] [main] c.v.s.service.AppPropertyDemo            : Payment failed, orderId=784
2026-08-03T10:34:34.740+05:30  INFO 12696 --- [springboot-learning] [SpringApplicationShutdownHook] o.s.boot.tomcat.GracefulShutdown         : Commencing graceful shutdown. Waiting for active requests to complete
2026-08-03T10:34:34.758+05:30  INFO 12696 --- [springboot-learning] [tomcat-shutdown] o.s.boot.tomcat.GracefulShutdown         : Graceful shutdown complete
2026-08-03T10:34:40.744+05:30  INFO 15604 --- [springboot-learning] [main] c.v.s.SpringbootLearningApplication      : Starting SpringbootLearningApplication using Java 21.0.11 with PID 15604 (C:\Users\vijay\Downloads\springboot-learning\springboot-learning\target\classes started by vijay in C:\Users\vijay\Downloads\springboot-learning\springboot-learning)
2026-08-03T10:34:40.744+05:30  INFO 15604 --- [springboot-learning] [main] c.v.s.SpringbootLearningApplication      : The following 1 profile is active: "prod"
2026-08-03T10:34:41.671+05:30  INFO 15604 --- [springboot-learning] [main] o.s.boot.tomcat.TomcatWebServer          : Tomcat initialized with port 8082 (http)
2026-08-03T10:34:41.685+05:30  INFO 15604 --- [springboot-learning] [main] o.apache.catalina.core.StandardService   : Starting service [Tomcat]
2026-08-03T10:34:41.685+05:30  INFO 15604 --- [springboot-learning] [main] o.apache.catalina.core.StandardEngine    : Starting Servlet engine: [Apache Tomcat/11.0.22]
2026-08-03T10:34:41.751+05:30  INFO 15604 --- [springboot-learning] [main] b.w.c.s.WebApplicationContextInitializer : Root WebApplicationContext: initialization completed in 950 ms
2026-08-03T10:34:42.071+05:30  INFO 15604 --- [springboot-learning] [main] o.s.boot.tomcat.TomcatWebServer          : Tomcat started on port 8082 (http) with context path '/'
2026-08-03T10:34:42.076+05:30  INFO 15604 --- [springboot-learning] [main] c.v.s.SpringbootLearningApplication      : Started SpringbootLearningApplication in 1.929 seconds (process running for 2.428)
2026-08-03T10:34:42.079+05:30  INFO 15604 --- [springboot-learning] [main] c.v.s.service.AppPropertyDemo            : Application started in environment=Production
2026-08-03T10:34:42.079+05:30  INFO 15604 --- [springboot-learning] [main] c.v.s.service.AppPropertyDemo            : Order created successfully, orderId=784, userId=101
2026-08-03T10:34:42.079+05:30  INFO 15604 --- [springboot-learning] [main] c.v.s.service.AppPropertyDemo            : Payment initiated, orderId=784, amount=1499
2026-08-03T10:34:42.079+05:30  WARN 15604 --- [springboot-learning] [main] c.v.s.service.AppPropertyDemo            : Payment taking longer than expected, orderId=784
2026-08-03T10:34:42.079+05:30 ERROR 15604 --- [springboot-learning] [main] c.v.s.service.AppPropertyDemo            : Payment failed, orderId=784
2026-08-03T10:36:46.278+05:30  INFO 15604 --- [springboot-learning] [http-nio-8082-exec-1] o.a.c.c.C.[Tomcat].[localhost].[/]       : Initializing Spring DispatcherServlet 'dispatcherServlet'
2026-08-03T10:36:46.280+05:30  INFO 15604 --- [springboot-learning] [http-nio-8082-exec-1] o.s.web.servlet.DispatcherServlet        : Initializing Servlet 'dispatcherServlet'
2026-08-03T10:36:46.284+05:30  INFO 15604 --- [springboot-learning] [http-nio-8082-exec-1] o.s.web.servlet.DispatcherServlet        : Completed initialization in 2 ms
2026-08-03T10:43:30.766+05:30  WARN 15604 --- [springboot-learning] [http-nio-8082-exec-1] .w.s.m.s.DefaultHandlerExceptionResolver : Resolved [org.springframework.http.converter.HttpMessageNotReadableException: JSON parse error: Unrecognized token 'abc': was expecting (JSON String, Number, Array, Object or token 'null', 'true' or 'false')]
2026-08-03T10:54:04.532+05:30  INFO 15604 --- [springboot-learning] [SpringApplicationShutdownHook] o.s.boot.tomcat.GracefulShutdown         : Commencing graceful shutdown. Waiting for active requests to complete
2026-08-03T10:54:04.540+05:30  INFO 15604 --- [springboot-learning] [tomcat-shutdown] o.s.boot.tomcat.GracefulShutdown         : Graceful shutdown complete
2026-08-03T10:54:10.727+05:30  INFO 10012 --- [springboot-learning] [main] c.v.s.SpringbootLearningApplication      : Starting SpringbootLearningApplication using Java 21.0.11 with PID 10012 (C:\Users\vijay\Downloads\springboot-learning\springboot-learning\target\classes started by vijay in C:\Users\vijay\Downloads\springboot-learning\springboot-learning)
2026-08-03T10:54:10.732+05:30  INFO 10012 --- [springboot-learning] [main] c.v.s.SpringbootLearningApplication      : The following 1 profile is active: "prod"
2026-08-03T10:54:11.533+05:30  INFO 10012 --- [springboot-learning] [main] o.s.boot.tomcat.TomcatWebServer          : Tomcat initialized with port 8082 (http)
2026-08-03T10:54:11.546+05:30  INFO 10012 --- [springboot-learning] [main] o.apache.catalina.core.StandardService   : Starting service [Tomcat]
2026-08-03T10:54:11.546+05:30  INFO 10012 --- [springboot-learning] [main] o.apache.catalina.core.StandardEngine    : Starting Servlet engine: [Apache Tomcat/11.0.22]
2026-08-03T10:54:11.587+05:30  INFO 10012 --- [springboot-learning] [main] b.w.c.s.WebApplicationContextInitializer : Root WebApplicationContext: initialization completed in 806 ms
2026-08-03T10:54:12.485+05:30  INFO 10012 --- [springboot-learning] [main] o.s.boot.tomcat.TomcatWebServer          : Tomcat started on port 8082 (http) with context path '/'
2026-08-03T10:54:12.489+05:30  INFO 10012 --- [springboot-learning] [main] c.v.s.SpringbootLearningApplication      : Started SpringbootLearningApplication in 2.318 seconds (process running for 2.755)
2026-08-03T10:54:12.492+05:30  INFO 10012 --- [springboot-learning] [main] c.v.s.service.AppPropertyDemo            : Application started in environment=Production
2026-08-03T10:54:12.492+05:30  INFO 10012 --- [springboot-learning] [main] c.v.s.service.AppPropertyDemo            : Order created successfully, orderId=784, userId=101
2026-08-03T10:54:12.492+05:30  INFO 10012 --- [springboot-learning] [main] c.v.s.service.AppPropertyDemo            : Payment initiated, orderId=784, amount=1499
2026-08-03T10:54:12.492+05:30  WARN 10012 --- [springboot-learning] [main] c.v.s.service.AppPropertyDemo            : Payment taking longer than expected, orderId=784
2026-08-03T10:54:12.492+05:30 ERROR 10012 --- [springboot-learning] [main] c.v.s.service.AppPropertyDemo            : Payment failed, orderId=784
2026-08-03T10:54:15.635+05:30  INFO 10012 --- [springboot-learning] [http-nio-8082-exec-3] o.a.c.c.C.[Tomcat].[localhost].[/]       : Initializing Spring DispatcherServlet 'dispatcherServlet'
2026-08-03T10:54:15.635+05:30  INFO 10012 --- [springboot-learning] [http-nio-8082-exec-3] o.s.web.servlet.DispatcherServlet        : Initializing Servlet 'dispatcherServlet'
2026-08-03T10:54:15.635+05:30  INFO 10012 --- [springboot-learning] [http-nio-8082-exec-3] o.s.web.servlet.DispatcherServlet        : Completed initialization in 0 ms
2026-08-03T10:55:19.743+05:30  INFO 10012 --- [springboot-learning] [SpringApplicationShutdownHook] o.s.boot.tomcat.GracefulShutdown         : Commencing graceful shutdown. Waiting for active requests to complete
2026-08-03T10:55:19.747+05:30  INFO 10012 --- [springboot-learning] [tomcat-shutdown] o.s.boot.tomcat.GracefulShutdown         : Graceful shutdown complete
2026-08-03T10:55:23.868+05:30  INFO 13812 --- [springboot-learning] [main] c.v.s.SpringbootLearningApplication      : Starting SpringbootLearningApplication using Java 21.0.11 with PID 13812 (C:\Users\vijay\Downloads\springboot-learning\springboot-learning\target\classes started by vijay in C:\Users\vijay\Downloads\springboot-learning\springboot-learning)
2026-08-03T10:55:23.871+05:30  INFO 13812 --- [springboot-learning] [main] c.v.s.SpringbootLearningApplication      : The following 1 profile is active: "prod"
2026-08-03T10:55:24.672+05:30  INFO 13812 --- [springboot-learning] [main] o.s.boot.tomcat.TomcatWebServer          : Tomcat initialized with port 8082 (http)
2026-08-03T10:55:24.684+05:30  INFO 13812 --- [springboot-learning] [main] o.apache.catalina.core.StandardService   : Starting service [Tomcat]
2026-08-03T10:55:24.685+05:30  INFO 13812 --- [springboot-learning] [main] o.apache.catalina.core.StandardEngine    : Starting Servlet engine: [Apache Tomcat/11.0.22]
2026-08-03T10:55:24.727+05:30  INFO 13812 --- [springboot-learning] [main] b.w.c.s.WebApplicationContextInitializer : Root WebApplicationContext: initialization completed in 810 ms
2026-08-03T10:55:25.040+05:30  INFO 13812 --- [springboot-learning] [main] o.s.boot.tomcat.TomcatWebServer          : Tomcat started on port 8082 (http) with context path '/'
2026-08-03T10:55:25.044+05:30  INFO 13812 --- [springboot-learning] [main] c.v.s.SpringbootLearningApplication      : Started SpringbootLearningApplication in 1.76 seconds (process running for 2.149)
2026-08-03T10:55:25.048+05:30  INFO 13812 --- [springboot-learning] [main] c.v.s.service.AppPropertyDemo            : Application started in environment=Production
2026-08-03T10:55:25.049+05:30  INFO 13812 --- [springboot-learning] [main] c.v.s.service.AppPropertyDemo            : Order created successfully, orderId=784, userId=101
2026-08-03T10:55:25.049+05:30  INFO 13812 --- [springboot-learning] [main] c.v.s.service.AppPropertyDemo            : Payment initiated, orderId=784, amount=1499
2026-08-03T10:55:25.049+05:30  WARN 13812 --- [springboot-learning] [main] c.v.s.service.AppPropertyDemo            : Payment taking longer than expected, orderId=784
2026-08-03T10:55:25.049+05:30 ERROR 13812 --- [springboot-learning] [main] c.v.s.service.AppPropertyDemo            : Payment failed, orderId=784
2026-08-03T10:56:06.779+05:30  INFO 13812 --- [springboot-learning] [http-nio-8082-exec-1] o.a.c.c.C.[Tomcat].[localhost].[/]       : Initializing Spring DispatcherServlet 'dispatcherServlet'
2026-08-03T10:56:06.781+05:30  INFO 13812 --- [springboot-learning] [http-nio-8082-exec-1] o.s.web.servlet.DispatcherServlet        : Initializing Servlet 'dispatcherServlet'
2026-08-03T10:56:06.784+05:30  INFO 13812 --- [springboot-learning] [http-nio-8082-exec-1] o.s.web.servlet.DispatcherServlet        : Completed initialization in 2 ms
2026-08-03T10:56:07.003+05:30  WARN 13812 --- [springboot-learning] [http-nio-8082-exec-1] .w.s.m.s.DefaultHandlerExceptionResolver : Resolved [org.springframework.http.converter.HttpMessageNotReadableException: JSON parse error: Cannot construct instance of `com.vijay.springbootlearning.dto.ProductRequest` (although at least one Creator exists): cannot deserialize from Object value (no delegate- or property-based Creator)]
2026-08-03T10:56:45.282+05:30  WARN 13812 --- [springboot-learning] [http-nio-8082-exec-3] .w.s.m.s.DefaultHandlerExceptionResolver : Resolved [org.springframework.http.converter.HttpMessageNotReadableException: JSON parse error: Cannot construct instance of `com.vijay.springbootlearning.dto.ProductRequest` (although at least one Creator exists): cannot deserialize from Object value (no delegate- or property-based Creator)]
2026-08-03T10:58:32.285+05:30  INFO 13812 --- [springboot-learning] [SpringApplicationShutdownHook] o.s.boot.tomcat.GracefulShutdown         : Commencing graceful shutdown. Waiting for active requests to complete
2026-08-03T10:58:32.295+05:30  INFO 13812 --- [springboot-learning] [tomcat-shutdown] o.s.boot.tomcat.GracefulShutdown         : Graceful shutdown complete
2026-08-03T10:58:36.035+05:30  INFO 4496 --- [springboot-learning] [main] c.v.s.SpringbootLearningApplication      : Starting SpringbootLearningApplication using Java 21.0.11 with PID 4496 (C:\Users\vijay\Downloads\springboot-learning\springboot-learning\target\classes started by vijay in C:\Users\vijay\Downloads\springboot-learning\springboot-learning)
2026-08-03T10:58:36.037+05:30  INFO 4496 --- [springboot-learning] [main] c.v.s.SpringbootLearningApplication      : The following 1 profile is active: "prod"
2026-08-03T10:58:36.749+05:30  INFO 4496 --- [springboot-learning] [main] o.s.boot.tomcat.TomcatWebServer          : Tomcat initialized with port 8082 (http)
2026-08-03T10:58:36.764+05:30  INFO 4496 --- [springboot-learning] [main] o.apache.catalina.core.StandardService   : Starting service [Tomcat]
2026-08-03T10:58:36.764+05:30  INFO 4496 --- [springboot-learning] [main] o.apache.catalina.core.StandardEngine    : Starting Servlet engine: [Apache Tomcat/11.0.22]
2026-08-03T10:58:36.801+05:30  INFO 4496 --- [springboot-learning] [main] b.w.c.s.WebApplicationContextInitializer : Root WebApplicationContext: initialization completed in 716 ms
2026-08-03T10:58:37.119+05:30  INFO 4496 --- [springboot-learning] [main] o.s.boot.tomcat.TomcatWebServer          : Tomcat started on port 8082 (http) with context path '/'
2026-08-03T10:58:37.124+05:30  INFO 4496 --- [springboot-learning] [main] c.v.s.SpringbootLearningApplication      : Started SpringbootLearningApplication in 1.616 seconds (process running for 2.008)
2026-08-03T10:58:37.127+05:30  INFO 4496 --- [springboot-learning] [main] c.v.s.service.AppPropertyDemo            : Application started in environment=Production
2026-08-03T10:58:37.128+05:30  INFO 4496 --- [springboot-learning] [main] c.v.s.service.AppPropertyDemo            : Order created successfully, orderId=784, userId=101
2026-08-03T10:58:37.128+05:30  INFO 4496 --- [springboot-learning] [main] c.v.s.service.AppPropertyDemo            : Payment initiated, orderId=784, amount=1499
2026-08-03T10:58:37.128+05:30  WARN 4496 --- [springboot-learning] [main] c.v.s.service.AppPropertyDemo            : Payment taking longer than expected, orderId=784
2026-08-03T10:58:37.128+05:30 ERROR 4496 --- [springboot-learning] [main] c.v.s.service.AppPropertyDemo            : Payment failed, orderId=784
2026-08-03T10:58:41.655+05:30  INFO 4496 --- [springboot-learning] [http-nio-8082-exec-1] o.a.c.c.C.[Tomcat].[localhost].[/]       : Initializing Spring DispatcherServlet 'dispatcherServlet'
2026-08-03T10:58:41.657+05:30  INFO 4496 --- [springboot-learning] [http-nio-8082-exec-1] o.s.web.servlet.DispatcherServlet        : Initializing Servlet 'dispatcherServlet'
2026-08-03T10:58:41.660+05:30  INFO 4496 --- [springboot-learning] [http-nio-8082-exec-1] o.s.web.servlet.DispatcherServlet        : Completed initialization in 3 ms
2026-08-03T11:03:11.163+05:30  INFO 4496 --- [springboot-learning] [SpringApplicationShutdownHook] o.s.boot.tomcat.GracefulShutdown         : Commencing graceful shutdown. Waiting for active requests to complete
2026-08-03T11:03:11.174+05:30  INFO 4496 --- [springboot-learning] [tomcat-shutdown] o.s.boot.tomcat.GracefulShutdown         : Graceful shutdown complete
2026-08-03T11:03:15.150+05:30  INFO 24360 --- [springboot-learning] [main] c.v.s.SpringbootLearningApplication      : Starting SpringbootLearningApplication using Java 21.0.11 with PID 24360 (C:\Users\vijay\Downloads\springboot-learning\springboot-learning\target\classes started by vijay in C:\Users\vijay\Downloads\springboot-learning\springboot-learning)
2026-08-03T11:03:15.153+05:30  INFO 24360 --- [springboot-learning] [main] c.v.s.SpringbootLearningApplication      : The following 1 profile is active: "prod"
2026-08-03T11:03:15.885+05:30  INFO 24360 --- [springboot-learning] [main] o.s.boot.tomcat.TomcatWebServer          : Tomcat initialized with port 8082 (http)
2026-08-03T11:03:15.899+05:30  INFO 24360 --- [springboot-learning] [main] o.apache.catalina.core.StandardService   : Starting service [Tomcat]
2026-08-03T11:03:15.899+05:30  INFO 24360 --- [springboot-learning] [main] o.apache.catalina.core.StandardEngine    : Starting Servlet engine: [Apache Tomcat/11.0.22]
2026-08-03T11:03:15.953+05:30  INFO 24360 --- [springboot-learning] [main] b.w.c.s.WebApplicationContextInitializer : Root WebApplicationContext: initialization completed in 749 ms
2026-08-03T11:03:16.256+05:30  INFO 24360 --- [springboot-learning] [main] o.s.boot.tomcat.TomcatWebServer          : Tomcat started on port 8082 (http) with context path '/'
2026-08-03T11:03:16.261+05:30  INFO 24360 --- [springboot-learning] [main] c.v.s.SpringbootLearningApplication      : Started SpringbootLearningApplication in 1.643 seconds (process running for 2.023)
2026-08-03T11:03:16.263+05:30  INFO 24360 --- [springboot-learning] [main] c.v.s.service.AppPropertyDemo            : Application started in environment=Production
2026-08-03T11:03:16.263+05:30  INFO 24360 --- [springboot-learning] [main] c.v.s.service.AppPropertyDemo            : Order created successfully, orderId=784, userId=101
2026-08-03T11:03:16.264+05:30  INFO 24360 --- [springboot-learning] [main] c.v.s.service.AppPropertyDemo            : Payment initiated, orderId=784, amount=1499
2026-08-03T11:03:16.264+05:30  WARN 24360 --- [springboot-learning] [main] c.v.s.service.AppPropertyDemo            : Payment taking longer than expected, orderId=784
2026-08-03T11:03:16.264+05:30 ERROR 24360 --- [springboot-learning] [main] c.v.s.service.AppPropertyDemo            : Payment failed, orderId=784
2026-08-03T11:03:21.694+05:30  INFO 24360 --- [springboot-learning] [http-nio-8082-exec-4] o.a.c.c.C.[Tomcat].[localhost].[/]       : Initializing Spring DispatcherServlet 'dispatcherServlet'
2026-08-03T11:03:21.696+05:30  INFO 24360 --- [springboot-learning] [http-nio-8082-exec-4] o.s.web.servlet.DispatcherServlet        : Initializing Servlet 'dispatcherServlet'
2026-08-03T11:03:21.698+05:30  INFO 24360 --- [springboot-learning] [http-nio-8082-exec-4] o.s.web.servlet.DispatcherServlet        : Completed initialization in 2 ms
2026-08-03T11:18:52.764+05:30  INFO 24360 --- [springboot-learning] [SpringApplicationShutdownHook] o.s.boot.tomcat.GracefulShutdown         : Commencing graceful shutdown. Waiting for active requests to complete
2026-08-03T11:18:52.776+05:30  INFO 24360 --- [springboot-learning] [tomcat-shutdown] o.s.boot.tomcat.GracefulShutdown         : Graceful shutdown complete
2026-08-03T11:18:56.363+05:30  INFO 20720 --- [springboot-learning] [main] c.v.s.SpringbootLearningApplication      : Starting SpringbootLearningApplication using Java 21.0.11 with PID 20720 (C:\Users\vijay\Downloads\springboot-learning\springboot-learning\target\classes started by vijay in C:\Users\vijay\Downloads\springboot-learning\springboot-learning)
2026-08-03T11:18:56.367+05:30  INFO 20720 --- [springboot-learning] [main] c.v.s.SpringbootLearningApplication      : The following 1 profile is active: "prod"
2026-08-03T11:18:57.086+05:30  INFO 20720 --- [springboot-learning] [main] o.s.boot.tomcat.TomcatWebServer          : Tomcat initialized with port 8082 (http)
2026-08-03T11:18:57.099+05:30  INFO 20720 --- [springboot-learning] [main] o.apache.catalina.core.StandardService   : Starting service [Tomcat]
2026-08-03T11:18:57.099+05:30  INFO 20720 --- [springboot-learning] [main] o.apache.catalina.core.StandardEngine    : Starting Servlet engine: [Apache Tomcat/11.0.22]
2026-08-03T11:18:57.136+05:30  INFO 20720 --- [springboot-learning] [main] b.w.c.s.WebApplicationContextInitializer : Root WebApplicationContext: initialization completed in 722 ms
2026-08-03T11:18:57.429+05:30  INFO 20720 --- [springboot-learning] [main] o.s.boot.tomcat.TomcatWebServer          : Tomcat started on port 8082 (http) with context path '/'
2026-08-03T11:18:57.433+05:30  INFO 20720 --- [springboot-learning] [main] c.v.s.SpringbootLearningApplication      : Started SpringbootLearningApplication in 1.587 seconds (process running for 1.968)
2026-08-03T11:18:57.435+05:30  INFO 20720 --- [springboot-learning] [main] c.v.s.service.AppPropertyDemo            : Application started in environment=Production
2026-08-03T11:18:57.436+05:30  INFO 20720 --- [springboot-learning] [main] c.v.s.service.AppPropertyDemo            : Order created successfully, orderId=784, userId=101
2026-08-03T11:18:57.436+05:30  INFO 20720 --- [springboot-learning] [main] c.v.s.service.AppPropertyDemo            : Payment initiated, orderId=784, amount=1499
2026-08-03T11:18:57.436+05:30  WARN 20720 --- [springboot-learning] [main] c.v.s.service.AppPropertyDemo            : Payment taking longer than expected, orderId=784
2026-08-03T11:18:57.436+05:30 ERROR 20720 --- [springboot-learning] [main] c.v.s.service.AppPropertyDemo            : Payment failed, orderId=784
2026-08-03T11:19:08.095+05:30  INFO 20720 --- [springboot-learning] [http-nio-8082-exec-1] o.a.c.c.C.[Tomcat].[localhost].[/]       : Initializing Spring DispatcherServlet 'dispatcherServlet'
2026-08-03T11:19:08.096+05:30  INFO 20720 --- [springboot-learning] [http-nio-8082-exec-1] o.s.web.servlet.DispatcherServlet        : Initializing Servlet 'dispatcherServlet'
2026-08-03T11:19:08.099+05:30  INFO 20720 --- [springboot-learning] [http-nio-8082-exec-1] o.s.web.servlet.DispatcherServlet        : Completed initialization in 2 ms
2026-08-03T12:27:17.129+05:30  INFO 20720 --- [springboot-learning] [SpringApplicationShutdownHook] o.s.boot.tomcat.GracefulShutdown         : Commencing graceful shutdown. Waiting for active requests to complete
2026-08-03T12:27:17.135+05:30  INFO 20720 --- [springboot-learning] [tomcat-shutdown] o.s.boot.tomcat.GracefulShutdown         : Graceful shutdown complete
2026-08-03T12:27:22.065+05:30  INFO 12256 --- [springboot-learning] [main] c.v.s.SpringbootLearningApplication      : Starting SpringbootLearningApplication using Java 21.0.11 with PID 12256 (C:\Users\vijay\Downloads\springboot-learning\springboot-learning\target\classes started by vijay in C:\Users\vijay\Downloads\springboot-learning\springboot-learning)
2026-08-03T12:27:22.067+05:30  INFO 12256 --- [springboot-learning] [main] c.v.s.SpringbootLearningApplication      : The following 1 profile is active: "prod"
2026-08-03T12:27:22.911+05:30  INFO 12256 --- [springboot-learning] [main] o.s.boot.tomcat.TomcatWebServer          : Tomcat initialized with port 8082 (http)
2026-08-03T12:27:22.933+05:30  INFO 12256 --- [springboot-learning] [main] o.apache.catalina.core.StandardService   : Starting service [Tomcat]
2026-08-03T12:27:22.933+05:30  INFO 12256 --- [springboot-learning] [main] o.apache.catalina.core.StandardEngine    : Starting Servlet engine: [Apache Tomcat/11.0.22]
2026-08-03T12:27:22.982+05:30  INFO 12256 --- [springboot-learning] [main] b.w.c.s.WebApplicationContextInitializer : Root WebApplicationContext: initialization completed in 864 ms
2026-08-03T12:27:23.292+05:30  INFO 12256 --- [springboot-learning] [main] o.s.boot.tomcat.TomcatWebServer          : Tomcat started on port 8082 (http) with context path '/'
2026-08-03T12:27:23.296+05:30  INFO 12256 --- [springboot-learning] [main] c.v.s.SpringbootLearningApplication      : Started SpringbootLearningApplication in 1.862 seconds (process running for 2.323)
2026-08-03T12:27:23.299+05:30  INFO 12256 --- [springboot-learning] [main] c.v.s.service.AppPropertyDemo            : Application started in environment=Production
2026-08-03T12:27:23.299+05:30  INFO 12256 --- [springboot-learning] [main] c.v.s.service.AppPropertyDemo            : Order created successfully, orderId=784, userId=101
2026-08-03T12:27:23.299+05:30  INFO 12256 --- [springboot-learning] [main] c.v.s.service.AppPropertyDemo            : Payment initiated, orderId=784, amount=1499
2026-08-03T12:27:23.299+05:30  WARN 12256 --- [springboot-learning] [main] c.v.s.service.AppPropertyDemo            : Payment taking longer than expected, orderId=784
2026-08-03T12:27:23.299+05:30 ERROR 12256 --- [springboot-learning] [main] c.v.s.service.AppPropertyDemo            : Payment failed, orderId=784
2026-08-03T12:28:01.399+05:30  INFO 12256 --- [springboot-learning] [http-nio-8082-exec-1] o.a.c.c.C.[Tomcat].[localhost].[/]       : Initializing Spring DispatcherServlet 'dispatcherServlet'
2026-08-03T12:28:01.400+05:30  INFO 12256 --- [springboot-learning] [http-nio-8082-exec-1] o.s.web.servlet.DispatcherServlet        : Initializing Servlet 'dispatcherServlet'
2026-08-03T12:28:01.404+05:30  INFO 12256 --- [springboot-learning] [http-nio-8082-exec-1] o.s.web.servlet.DispatcherServlet        : Completed initialization in 2 ms
2026-08-03T16:13:09.154+05:30  INFO 12256 --- [springboot-learning] [SpringApplicationShutdownHook] o.s.boot.tomcat.GracefulShutdown         : Commencing graceful shutdown. Waiting for active requests to complete
2026-08-03T16:13:09.159+05:30  INFO 12256 --- [springboot-learning] [tomcat-shutdown] o.s.boot.tomcat.GracefulShutdown         : Graceful shutdown complete
2026-08-03T16:13:22.859+05:30  INFO 22540 --- [springboot-learning] [main] c.v.s.SpringbootLearningApplication      : Starting SpringbootLearningApplication using Java 21.0.11 with PID 22540 (C:\Users\vijay\Downloads\springboot-learning\springboot-learning\target\classes started by vijay in C:\Users\vijay\Downloads\springboot-learning\springboot-learning)
2026-08-03T16:13:22.862+05:30  INFO 22540 --- [springboot-learning] [main] c.v.s.SpringbootLearningApplication      : The following 1 profile is active: "prod"
2026-08-03T16:13:23.632+05:30  INFO 22540 --- [springboot-learning] [main] o.s.boot.tomcat.TomcatWebServer          : Tomcat initialized with port 8082 (http)
2026-08-03T16:13:23.645+05:30  INFO 22540 --- [springboot-learning] [main] o.apache.catalina.core.StandardService   : Starting service [Tomcat]
2026-08-03T16:13:23.646+05:30  INFO 22540 --- [springboot-learning] [main] o.apache.catalina.core.StandardEngine    : Starting Servlet engine: [Apache Tomcat/11.0.22]
2026-08-03T16:13:23.692+05:30  INFO 22540 --- [springboot-learning] [main] b.w.c.s.WebApplicationContextInitializer : Root WebApplicationContext: initialization completed in 785 ms
2026-08-03T16:13:23.991+05:30  INFO 22540 --- [springboot-learning] [main] o.s.boot.tomcat.TomcatWebServer          : Tomcat started on port 8082 (http) with context path '/'
2026-08-03T16:13:23.994+05:30  INFO 22540 --- [springboot-learning] [main] c.v.s.SpringbootLearningApplication      : Started SpringbootLearningApplication in 1.716 seconds (process running for 2.092)
2026-08-03T16:13:23.997+05:30  INFO 22540 --- [springboot-learning] [main] c.v.s.service.AppPropertyDemo            : Application started in environment=Production
2026-08-03T16:13:23.998+05:30  INFO 22540 --- [springboot-learning] [main] c.v.s.service.AppPropertyDemo            : Order created successfully, orderId=784, userId=101
2026-08-03T16:13:23.998+05:30  INFO 22540 --- [springboot-learning] [main] c.v.s.service.AppPropertyDemo            : Payment initiated, orderId=784, amount=1499
2026-08-03T16:13:23.998+05:30  WARN 22540 --- [springboot-learning] [main] c.v.s.service.AppPropertyDemo            : Payment taking longer than expected, orderId=784
2026-08-03T16:13:23.998+05:30 ERROR 22540 --- [springboot-learning] [main] c.v.s.service.AppPropertyDemo            : Payment failed, orderId=784
2026-08-03T16:13:50.151+05:30  INFO 22540 --- [springboot-learning] [http-nio-8082-exec-4] o.a.c.c.C.[Tomcat].[localhost].[/]       : Initializing Spring DispatcherServlet 'dispatcherServlet'
2026-08-03T16:13:50.152+05:30  INFO 22540 --- [springboot-learning] [http-nio-8082-exec-4] o.s.web.servlet.DispatcherServlet        : Initializing Servlet 'dispatcherServlet'
2026-08-03T16:13:50.155+05:30  INFO 22540 --- [springboot-learning] [http-nio-8082-exec-4] o.s.web.servlet.DispatcherServlet        : Completed initialization in 3 ms
2026-08-03T16:30:32.743+05:30  INFO 22540 --- [springboot-learning] [SpringApplicationShutdownHook] o.s.boot.tomcat.GracefulShutdown         : Commencing graceful shutdown. Waiting for active requests to complete
2026-08-03T16:30:32.748+05:30  INFO 22540 --- [springboot-learning] [tomcat-shutdown] o.s.boot.tomcat.GracefulShutdown         : Graceful shutdown complete
2026-08-03T16:30:38.326+05:30  INFO 21008 --- [springboot-learning] [main] c.v.s.SpringbootLearningApplication      : Starting SpringbootLearningApplication using Java 21.0.11 with PID 21008 (C:\Users\vijay\Downloads\springboot-learning\springboot-learning\target\classes started by vijay in C:\Users\vijay\Downloads\springboot-learning\springboot-learning)
2026-08-03T16:30:38.329+05:30  INFO 21008 --- [springboot-learning] [main] c.v.s.SpringbootLearningApplication      : The following 1 profile is active: "prod"
2026-08-03T16:30:39.214+05:30  INFO 21008 --- [springboot-learning] [main] o.s.boot.tomcat.TomcatWebServer          : Tomcat initialized with port 8082 (http)
2026-08-03T16:30:39.230+05:30  INFO 21008 --- [springboot-learning] [main] o.apache.catalina.core.StandardService   : Starting service [Tomcat]
2026-08-03T16:30:39.231+05:30  INFO 21008 --- [springboot-learning] [main] o.apache.catalina.core.StandardEngine    : Starting Servlet engine: [Apache Tomcat/11.0.22]
2026-08-03T16:30:39.274+05:30  INFO 21008 --- [springboot-learning] [main] b.w.c.s.WebApplicationContextInitializer : Root WebApplicationContext: initialization completed in 894 ms
2026-08-03T16:30:39.652+05:30  INFO 21008 --- [springboot-learning] [main] o.s.boot.tomcat.TomcatWebServer          : Tomcat started on port 8082 (http) with context path '/'
2026-08-03T16:30:39.657+05:30  INFO 21008 --- [springboot-learning] [main] c.v.s.SpringbootLearningApplication      : Started SpringbootLearningApplication in 1.933 seconds (process running for 2.323)
2026-08-03T16:30:39.661+05:30  INFO 21008 --- [springboot-learning] [main] c.v.s.service.AppPropertyDemo            : Application started in environment=Production
2026-08-03T16:30:39.661+05:30  INFO 21008 --- [springboot-learning] [main] c.v.s.service.AppPropertyDemo            : Order created successfully, orderId=784, userId=101
2026-08-03T16:30:39.661+05:30  INFO 21008 --- [springboot-learning] [main] c.v.s.service.AppPropertyDemo            : Payment initiated, orderId=784, amount=1499
2026-08-03T16:30:39.661+05:30  WARN 21008 --- [springboot-learning] [main] c.v.s.service.AppPropertyDemo            : Payment taking longer than expected, orderId=784
2026-08-03T16:30:39.661+05:30 ERROR 21008 --- [springboot-learning] [main] c.v.s.service.AppPropertyDemo            : Payment failed, orderId=784
2026-08-03T16:30:44.423+05:30  INFO 21008 --- [springboot-learning] [http-nio-8082-exec-2] o.a.c.c.C.[Tomcat].[localhost].[/]       : Initializing Spring DispatcherServlet 'dispatcherServlet'
2026-08-03T16:30:44.424+05:30  INFO 21008 --- [springboot-learning] [http-nio-8082-exec-2] o.s.web.servlet.DispatcherServlet        : Initializing Servlet 'dispatcherServlet'
2026-08-03T16:30:44.426+05:30  INFO 21008 --- [springboot-learning] [http-nio-8082-exec-2] o.s.web.servlet.DispatcherServlet        : Completed initialization in 1 ms
2026-08-03T16:30:56.938+05:30  WARN 21008 --- [springboot-learning] [http-nio-8082-exec-1] .w.s.m.s.DefaultHandlerExceptionResolver : Resolved [org.springframework.web.HttpRequestMethodNotSupportedException: Request method 'GET' is not supported]
2026-08-03T16:40:11.453+05:30  INFO 21008 --- [springboot-learning] [SpringApplicationShutdownHook] o.s.boot.tomcat.GracefulShutdown         : Commencing graceful shutdown. Waiting for active requests to complete
2026-08-03T16:40:11.460+05:30  INFO 21008 --- [springboot-learning] [tomcat-shutdown] o.s.boot.tomcat.GracefulShutdown         : Graceful shutdown complete
